// Jest Snapshot v1, https://goo.gl/fbAQLP

exports[`Banner Component should match snapshot when properties are present 1`] = `
<div>
  <div>
    <h2>
      Pictures Zone (Drag and Drop)
    </h2>
    <div
      class="img"
    >
      <center>
        <img
          class="img-container"
          src="https://encrypted-tbn0.gstatic.com/images?q=tbn%3AANd9GcRLD3hlhK6Ktd7odrFRPYK9c_jDY2Xx0wkfsgp7Xmzdz07bjcck&usqp=CAU"
        />
      </center>
    </div>
    <div
      class="img"
    >
      <center>
        <img
          class="img-container"
          src="https://encrypted-tbn0.gstatic.com/images?q=tbn%3AANd9GcQ52tkfcdyn7u2Hvip9B8ucKkMl8TXugr2wOU_mglrZUPGXmCJ1&usqp=CAU"
        />
      </center>
    </div>
    <div
      class="img"
    >
      <center>
        <img
          class="img-container"
          src="https://encrypted-tbn0.gstatic.com/images?q=tbn%3AANd9GcTtFt0ZPPjvZPGciDG42NuoXCb9YyQXx1mEZ17Yq1tws151MqBz&usqp=CAU"
        />
      </center>
    </div>
    <div
      class="img"
    >
      <center>
        <img
          class="img-container"
          src="https://encrypted-tbn0.gstatic.com/images?q=tbn%3AANd9GcTMA_QPKGS5LigXQx9Cw5eED5QaXlKvjLcYRp5terwKjQCPRmcg&usqp=CAU"
        />
      </center>
    </div>
    <div
      class="img"
    >
      <center>
        <img
          class="img-container"
          src="https://encrypted-tbn0.gstatic.com/images?q=tbn%3AANd9GcSOvl5Flx9-qIflBN3pkyHfDk0x70el55lCZy2KNFqpkHGeiLp0&usqp=CAU"
        />
      </center>
    </div>
  </div>
</div>
`;
